
*** Running vivado
    with args -log top_board_VGA_interface_phase_1.vdi -applog -m64 -product Vivado -messageDb vivado.pb -mode batch -source top_board_VGA_interface_phase_1.tcl -notrace


ECHO est  desactivado.
ECHO est  desactivado.

****** Vivado v2023.2 (64-bit)
  **** SW Build 4029153 on Fri Oct 13 20:14:34 MDT 2023
  **** IP Build 4028589 on Sat Oct 14 00:45:43 MDT 2023
  **** SharedData Build 4025554 on Tue Oct 10 17:18:54 MDT 2023
    ** Copyright 1986-2022 Xilinx, Inc. All Rights Reserved.
    ** Copyright 2022-2023 Advanced Micro Devices, Inc. All Rights Reserved.

Sourcing tcl script 'C:/Users/lucia/AppData/Roaming/Xilinx/Vivado/Vivado_init.tcl'
source top_board_VGA_interface_phase_1.tcl -notrace
Command: link_design -top top_board_VGA_interface_phase_1 -part xc7a100tcsg324-1
Design is defaulting to srcset: sources_1
Design is defaulting to constrset: constrs_1
INFO: [Device 21-403] Loading part xc7a100tcsg324-1
Netlist sorting complete. Time (s): cpu = 00:00:00 ; elapsed = 00:00:00 . Memory (MB): peak = 899.918 ; gain = 0.000
INFO: [Project 1-479] Netlist was created with Vivado 2023.2
INFO: [Project 1-570] Preparing netlist for logic optimization
Parsing XDC File [C:/vivadou_CEP/phase_1/Project_1_CEP/Nexys4DDR_Master.xdc]
Finished Parsing XDC File [C:/vivadou_CEP/phase_1/Project_1_CEP/Nexys4DDR_Master.xdc]
Parsing XDC File [C:/vivadou_CEP/phase_2/Constraints/Config_Voltage_Nexys_4_DDR.xdc]
Finished Parsing XDC File [C:/vivadou_CEP/phase_2/Constraints/Config_Voltage_Nexys_4_DDR.xdc]
Parsing XDC File [C:/vivadou_CEP/phase_2/Constraints/Timing_Constraints_Nexys_4_DDR.xdc]
Finished Parsing XDC File [C:/vivadou_CEP/phase_2/Constraints/Timing_Constraints_Nexys_4_DDR.xdc]
INFO: [Opt 31-138] Pushed 0 inverter(s) to 0 load pin(s).
Netlist sorting complete. Time (s): cpu = 00:00:00 ; elapsed = 00:00:00 . Memory (MB): peak = 1040.090 ; gain = 0.000
INFO: [Project 1-111] Unisim Transformation Summary:
No Unisim elements were transformed.

El sistema no puede encontrar la ruta especificada.
5 Infos, 0 Warnings, 0 Critical Warnings and 0 Errors encountered.
link_design completed successfully
Command: opt_design
Attempting to get a license for feature 'Implementation' and/or device 'xc7a100t'
INFO: [Common 17-349] Got license for feature 'Implementation' and/or device 'xc7a100t'
Running DRC as a precondition to command opt_design

Starting DRC Task
INFO: [DRC 23-27] Running DRC with 2 threads
INFO: [Project 1-461] DRC finished with 0 Errors
INFO: [Project 1-462] Please refer to the DRC report (report_drc) for more information.

Time (s): cpu = 00:00:01 ; elapsed = 00:00:00.717 . Memory (MB): peak = 1065.039 ; gain = 20.941

Starting Cache Timing Information Task
INFO: [Timing 38-35] Done setting XDC timing constraints.
Ending Cache Timing Information Task | Checksum: 22757e494

Time (s): cpu = 00:00:04 ; elapsed = 00:00:04 . Memory (MB): peak = 1571.836 ; gain = 506.797
