Copyright 1986-2022 Xilinx, Inc. All Rights Reserved. Copyright 2022-2023 Advanced Micro Devices, Inc. All Rights Reserved.
---------------------------------------------------------------------------------------------------------------------------------------------
| Tool Version : Vivado v.2023.2 (win64) Build 4029153 Fri Oct 13 20:14:34 MDT 2023
| Date         : Wed Sep 30 10:22:23 2026
| Host         : LU running 64-bit major release  (build 9200)
| Command      : report_control_sets -verbose -file top_board_VGA_interface_phase_1_control_sets_placed.rpt
| Design       : top_board_VGA_interface_phase_1
| Device       : xc7a100t
---------------------------------------------------------------------------------------------------------------------------------------------

Control Set Information

Table of Contents
-----------------
1. Summary
2. Histogram
3. Flip-Flop Distribution
4. Detailed Control Set Information

1. Summary
----------

+----------------------------------------------------------+-------+
|                          Status                          | Count |
+----------------------------------------------------------+-------+
| Total control sets                                       |     4 |
|    Minimum number of control sets                        |     4 |
|    Addition due to synthesis replication                 |     0 |
|    Addition due to physical synthesis replication        |     0 |
| Unused register locations in slices containing registers |    20 |
+----------------------------------------------------------+-------+
* Control sets can be merged at opt_design using control_set_merge or merge_equivalent_drivers
** Run report_qor_suggestions for automated merging and remapping suggestions


2. Histogram
------------

+--------------------+-------+
|       Fanout       | Count |
+--------------------+-------+
| Total control sets |     4 |
| >= 0 to < 4        |     0 |
| >= 4 to < 6        |     1 |
| >= 6 to < 8        |     0 |
| >= 8 to < 10       |     0 |
| >= 10 to < 12      |     1 |
| >= 12 to < 14      |     0 |
| >= 14 to < 16      |     0 |
| >= 16              |     2 |
+--------------------+-------+
* Control sets can be remapped at either synth_design or opt_design


3. Flip-Flop Distribution
-------------------------

+--------------+-----------------------+------------------------+-----------------+--------------+
| Clock Enable | Synchronous Set/Reset | Asynchronous Set/Reset | Total Registers | Total Slices |
+--------------+-----------------------+------------------------+-----------------+--------------+
| No           | No                    | No                     |               5 |            2 |
| No           | No                    | Yes                    |              26 |           10 |
| No           | Yes                   | No                     |               0 |            0 |
| Yes          | No                    | No                     |               0 |            0 |
| Yes          | No                    | Yes                    |               0 |            0 |
| Yes          | Yes                   | No                     |              37 |           14 |
+--------------+-----------------------+------------------------+-----------------+--------------+


4. Detailed Control Set Information
-----------------------------------

+----------------+------------------------------+------------------------------+------------------+----------------+--------------+
|  Clock Signal  |         Enable Signal        |       Set/Reset Signal       | Slice Load Count | Bel Load Count | Bels / Slice |
+----------------+------------------------------+------------------------------+------------------+----------------+--------------+
|  clk_IBUF_BUFG |                              |                              |                2 |              5 |         2.50 |
|  clk_IBUF_BUFG | VGA/EDGE_DETECTOR_INST/E[0]  | VGA/RGB_GENERATOR_INST/SR[0] |                2 |             10 |         5.00 |
|  clk_IBUF_BUFG |                              | VGA/RGB_GENERATOR_INST/SR[0] |               10 |             26 |         2.60 |
|  clk_IBUF_BUFG | CE_generator_25MHz_inst/E[0] | VGA/RGB_GENERATOR_INST/SR[0] |               12 |             27 |         2.25 |
+----------------+------------------------------+------------------------------+------------------+----------------+--------------+


