
*** Running vivado
    with args -log top_board_VGA_interface_phase_1.vds -m64 -product Vivado -mode batch -messageDb vivado.pb -notrace -source top_board_VGA_interface_phase_1.tcl


ECHO est  desactivado.
ECHO est  desactivado.

****** Vivado v2023.2 (64-bit)
  **** SW Build 4029153 on Fri Oct 13 20:14:34 MDT 2023
  **** IP Build 4028589 on Sat Oct 14 00:45:43 MDT 2023
  **** SharedData Build 4025554 on Tue Oct 10 17:18:54 MDT 2023
    ** Copyright 1986-2022 Xilinx, Inc. All Rights Reserved.
    ** Copyright 2022-2023 Advanced Micro Devices, Inc. All Rights Reserved.

Sourcing tcl script 'C:/Users/lucia/AppData/Roaming/Xilinx/Vivado/Vivado_init.tcl'
source top_board_VGA_interface_phase_1.tcl -notrace
Command: read_checkpoint -auto_incremental -incremental C:/vivadou_CEP/phase_1/Project_1_CEP/Project_1_CEP.srcs/utils_1/imports/synth_1/top_board_VGA_interface_phase_1.dcp
INFO: [Vivado 12-5825] Read reference checkpoint from C:/vivadou_CEP/phase_1/Project_1_CEP/Project_1_CEP.srcs/utils_1/imports/synth_1/top_board_VGA_interface_phase_1.dcp for incremental synthesis
INFO: [Vivado 12-7989] Please ensure there are no constraint changes
Command: synth_design -top top_board_VGA_interface_phase_1 -part xc7a100tcsg324-1
Starting synth_design
Attempting to get a license for feature 'Synthesis' and/or device 'xc7a100t'
INFO: [Common 17-349] Got license for feature 'Synthesis' and/or device 'xc7a100t'
INFO: [Device 21-403] Loading part xc7a100tcsg324-1
INFO: [Designutils 20-5440] No compile time benefit to using incremental synthesis; A full resynthesis will be run
INFO: [Designutils 20-4379] Flow is switching to default flow due to incremental criteria not met. If you would like to alter this behaviour and have the flow terminate instead, please set the following parameter config_implementation {autoIncr.Synth.RejectBehavior Terminate}
INFO: [Synth 8-7079] Multithreading enabled for synth_design using a maximum of 2 processes.
INFO: [Synth 8-7078] Launching helper process for spawning children vivado processes
INFO: [Synth 8-7075] Helper process launched with PID 10596
---------------------------------------------------------------------------------
Starting RTL Elaboration : Time (s): cpu = 00:00:03 ; elapsed = 00:00:03 . Memory (MB): peak = 1340.035 ; gain = 441.023
---------------------------------------------------------------------------------
INFO: [Synth 8-638] synthesizing module 'top_board_VGA_interface_phase_1' [C:/vivadou_CEP/phase_1/Project_1_CEP/Project_1_CEP.srcs/sources_1/new/top_board_VGA_interface_phase_1.vhd:23]
INFO: [Synth 8-3491] module 'mux_1bit_ce' declared at 'C:/vivadou_CEP/phase_1/Project_1_CEP/Project_1_CEP.srcs/sources_1/new/mux_1b_ce.vhd:4' bound to instance 'mux_ce_inst' of component 'mux_1bit_ce' [C:/vivadou_CEP/phase_1/Project_1_CEP/Project_1_CEP.srcs/sources_1/new/top_board_VGA_interface_phase_1.vhd:86]
INFO: [Synth 8-638] synthesizing module 'mux_1bit_ce' [C:/vivadou_CEP/phase_1/Project_1_CEP/Project_1_CEP.srcs/sources_1/new/mux_1b_ce.vhd:13]
INFO: [Synth 8-256] done synthesizing module 'mux_1bit_ce' (0#1) [C:/vivadou_CEP/phase_1/Project_1_CEP/Project_1_CEP.srcs/sources_1/new/mux_1b_ce.vhd:13]
INFO: [Synth 8-3491] module 'mux_10bit_counter' declared at 'C:/vivadou_CEP/phase_1/Project_1_CEP/Project_1_CEP.srcs/sources_1/new/mux_10b_counter.vhd:4' bound to instance 'mux_counter_inst' of component 'mux_10bit_counter' [C:/vivadou_CEP/phase_1/Project_1_CEP/Project_1_CEP.srcs/sources_1/new/top_board_VGA_interface_phase_1.vhd:94]
INFO: [Synth 8-638] synthesizing module 'mux_10bit_counter' [C:/vivadou_CEP/phase_1/Project_1_CEP/Project_1_CEP.srcs/sources_1/new/mux_10b_counter.vhd:13]
INFO: [Synth 8-256] done synthesizing module 'mux_10bit_counter' (0#1) [C:/vivadou_CEP/phase_1/Project_1_CEP/Project_1_CEP.srcs/sources_1/new/mux_10b_counter.vhd:13]
INFO: [Synth 8-3491] module 'CE_generator_25MHz' declared at 'C:/vivadou_CEP/phase_1/Project_1_CEP/VHDL_Files/CE_generator_25MHz.vhd:11' bound to instance 'CE_generator_25MHz_inst' of component 'CE_generator_25MHz' [C:/vivadou_CEP/phase_1/Project_1_CEP/Project_1_CEP.srcs/sources_1/new/top_board_VGA_interface_phase_1.vhd:113]
INFO: [Synth 8-638] synthesizing module 'CE_generator_25MHz' [C:/vivadou_CEP/phase_1/Project_1_CEP/VHDL_Files/CE_generator_25MHz.vhd:17]
INFO: [Synth 8-256] done synthesizing module 'CE_generator_25MHz' (0#1) [C:/vivadou_CEP/phase_1/Project_1_CEP/VHDL_Files/CE_generator_25MHz.vhd:17]
INFO: [Synth 8-3491] module 'CE_generator_50Hz' declared at 'C:/vivadou_CEP/phase_1/Project_1_CEP/VHDL_Files/CE_generator_50Hz.vhd:11' bound to instance 'CE_generator_50Hz_inst' of component 'CE_generator_50Hz' [C:/vivadou_CEP/phase_1/Project_1_CEP/Project_1_CEP.srcs/sources_1/new/top_board_VGA_interface_phase_1.vhd:120]
INFO: [Synth 8-638] synthesizing module 'CE_generator_50Hz' [C:/vivadou_CEP/phase_1/Project_1_CEP/VHDL_Files/CE_generator_50Hz.vhd:17]
INFO: [Synth 8-256] done synthesizing module 'CE_generator_50Hz' (0#1) [C:/vivadou_CEP/phase_1/Project_1_CEP/VHDL_Files/CE_generator_50Hz.vhd:17]
INFO: [Synth 8-3491] module 'vga_interface' declared at 'C:/vivadou_CEP/phase_1/Project_1_CEP/Project_1_CEP.srcs/sources_1/new/VGA_interface.vhd:5' bound to instance 'VGA' of component 'vga_interface' [C:/vivadou_CEP/phase_1/Project_1_CEP/Project_1_CEP.srcs/sources_1/new/top_board_VGA_interface_phase_1.vhd:127]
INFO: [Synth 8-638] synthesizing module 'vga_interface' [C:/vivadou_CEP/phase_1/Project_1_CEP/Project_1_CEP.srcs/sources_1/new/VGA_interface.vhd:25]
INFO: [Synth 8-3491] module 'horizontal_ctr' declared at 'C:/vivadou_CEP/phase_1/Project_1_CEP/Project_1_CEP.srcs/sources_1/new/horizontal_ctr.vhd:26' bound to instance 'HORIZONTAL_COUNTER_INST' of component 'horizontal_ctr' [C:/vivadou_CEP/phase_1/Project_1_CEP/Project_1_CEP.srcs/sources_1/new/VGA_interface.vhd:135]
INFO: [Synth 8-638] synthesizing module 'horizontal_ctr' [C:/vivadou_CEP/phase_1/Project_1_CEP/Project_1_CEP.srcs/sources_1/new/horizontal_ctr.vhd:33]
INFO: [Synth 8-256] done synthesizing module 'horizontal_ctr' (0#1) [C:/vivadou_CEP/phase_1/Project_1_CEP/Project_1_CEP.srcs/sources_1/new/horizontal_ctr.vhd:33]
INFO: [Synth 8-3491] module 'hsync_generator' declared at 'C:/vivadou_CEP/phase_1/Project_1_CEP/new/hsync_generator.vhd:5' bound to instance 'HSYNC_GENERATOR_INST' of component 'hsync_generator' [C:/vivadou_CEP/phase_1/Project_1_CEP/Project_1_CEP.srcs/sources_1/new/VGA_interface.vhd:148]
INFO: [Synth 8-638] synthesizing module 'hsync_generator' [C:/vivadou_CEP/phase_1/Project_1_CEP/new/hsync_generator.vhd:15]
INFO: [Synth 8-256] done synthesizing module 'hsync_generator' (0#1) [C:/vivadou_CEP/phase_1/Project_1_CEP/new/hsync_generator.vhd:15]
INFO: [Synth 8-3491] module 'edge_detector' declared at 'C:/vivadou_CEP/phase_1/Project_1_CEP/new/edge_detector.vhd:4' bound to instance 'EDGE_DETECTOR_INST' of component 'edge_detector' [C:/vivadou_CEP/phase_1/Project_1_CEP/Project_1_CEP.srcs/sources_1/new/VGA_interface.vhd:165]
INFO: [Synth 8-638] synthesizing module 'edge_detector' [C:/vivadou_CEP/phase_1/Project_1_CEP/new/edge_detector.vhd:15]
INFO: [Synth 8-256] done synthesizing module 'edge_detector' (0#1) [C:/vivadou_CEP/phase_1/Project_1_CEP/new/edge_detector.vhd:15]
INFO: [Synth 8-3491] module 'vertical_ctr' declared at 'C:/vivadou_CEP/phase_1/Project_1_CEP/Project_1_CEP.srcs/sources_1/new/vertical_ctr.vhd:5' bound to instance 'VERTICAL_COUNTER_INST' of component 'vertical_ctr' [C:/vivadou_CEP/phase_1/Project_1_CEP/Project_1_CEP.srcs/sources_1/new/VGA_interface.vhd:182]
INFO: [Synth 8-638] synthesizing module 'vertical_ctr' [C:/vivadou_CEP/phase_1/Project_1_CEP/Project_1_CEP.srcs/sources_1/new/vertical_ctr.vhd:14]
INFO: [Synth 8-256] done synthesizing module 'vertical_ctr' (0#1) [C:/vivadou_CEP/phase_1/Project_1_CEP/Project_1_CEP.srcs/sources_1/new/vertical_ctr.vhd:14]
INFO: [Synth 8-3491] module 'vsync_generator' declared at 'C:/vivadou_CEP/phase_1/Project_1_CEP/new/vsync_generator.vhd:5' bound to instance 'VSYNC_GENERATOR_INST' of component 'vsync_generator' [C:/vivadou_CEP/phase_1/Project_1_CEP/Project_1_CEP.srcs/sources_1/new/VGA_interface.vhd:195]
INFO: [Synth 8-638] synthesizing module 'vsync_generator' [C:/vivadou_CEP/phase_1/Project_1_CEP/new/vsync_generator.vhd:15]
INFO: [Synth 8-256] done synthesizing module 'vsync_generator' (0#1) [C:/vivadou_CEP/phase_1/Project_1_CEP/new/vsync_generator.vhd:15]
INFO: [Synth 8-3491] module 'blank_generator' declared at 'C:/vivadou_CEP/phase_1/Project_1_CEP/new/blank_generator.vhd:5' bound to instance 'BLANK_GENERATOR_INST' of component 'blank_generator' [C:/vivadou_CEP/phase_1/Project_1_CEP/Project_1_CEP.srcs/sources_1/new/VGA_interface.vhd:209]
INFO: [Synth 8-638] synthesizing module 'blank_generator' [C:/vivadou_CEP/phase_1/Project_1_CEP/new/blank_generator.vhd:13]
INFO: [Synth 8-256] done synthesizing module 'blank_generator' (0#1) [C:/vivadou_CEP/phase_1/Project_1_CEP/new/blank_generator.vhd:13]
INFO: [Synth 8-3491] module 'RGB_generator_Nexys_4_DDR' declared at 'C:/vivadou_CEP/phase_1/Project_1_CEP/new/RGB_generator_Nexys_4_DDR.vhd:5' bound to instance 'RGB_GENERATOR_INST' of component 'RGB_generator_Nexys_4_DDR' [C:/vivadou_CEP/phase_1/Project_1_CEP/Project_1_CEP.srcs/sources_1/new/VGA_interface.vhd:221]
INFO: [Synth 8-638] synthesizing module 'RGB_generator_Nexys_4_DDR' [C:/vivadou_CEP/phase_1/Project_1_CEP/new/RGB_generator_Nexys_4_DDR.vhd:19]
INFO: [Synth 8-256] done synthesizing module 'RGB_generator_Nexys_4_DDR' (0#1) [C:/vivadou_CEP/phase_1/Project_1_CEP/new/RGB_generator_Nexys_4_DDR.vhd:19]
INFO: [Synth 8-256] done synthesizing module 'vga_interface' (0#1) [C:/vivadou_CEP/phase_1/Project_1_CEP/Project_1_CEP.srcs/sources_1/new/VGA_interface.vhd:25]
INFO: [Synth 8-256] done synthesizing module 'top_board_VGA_interface_phase_1' (0#1) [C:/vivadou_CEP/phase_1/Project_1_CEP/Project_1_CEP.srcs/sources_1/new/top_board_VGA_interface_phase_1.vhd:23]
WARNING: [Synth 8-3848] Net vsync_int in module/entity top_board_VGA_interface_phase_1 does not have driver. [C:/vivadou_CEP/phase_1/Project_1_CEP/Project_1_CEP.srcs/sources_1/new/top_board_VGA_interface_phase_1.vhd:82]
WARNING: [Synth 8-3848] Net hsync_int in module/entity top_board_VGA_interface_phase_1 does not have driver. [C:/vivadou_CEP/phase_1/Project_1_CEP/Project_1_CEP.srcs/sources_1/new/top_board_VGA_interface_phase_1.vhd:81]
WARNING: [Synth 8-7129] Port reset in module CE_generator_50Hz is either unconnected or has no load
WARNING: [Synth 8-7129] Port reset in module CE_generator_25MHz is either unconnected or has no load
---------------------------------------------------------------------------------
Finished RTL Elaboration : Time (s): cpu = 00:00:04 ; elapsed = 00:00:04 . Memory (MB): peak = 1447.586 ; gain = 548.574
---------------------------------------------------------------------------------
---------------------------------------------------------------------------------
Start Handling Custom Attributes
---------------------------------------------------------------------------------
---------------------------------------------------------------------------------
Finished Handling Custom Attributes : Time (s): cpu = 00:00:04 ; elapsed = 00:00:05 . Memory (MB): peak = 1447.586 ; gain = 548.574
---------------------------------------------------------------------------------
---------------------------------------------------------------------------------
Finished RTL Optimization Phase 1 : Time (s): cpu = 00:00:04 ; elapsed = 00:00:05 . Memory (MB): peak = 1447.586 ; gain = 548.574
---------------------------------------------------------------------------------
Netlist sorting complete. Time (s): cpu = 00:00:00 ; elapsed = 00:00:00.001 . Memory (MB): peak = 1447.586 ; gain = 0.000
INFO: [Project 1-570] Preparing netlist for logic optimization

Processing XDC Constraints
Initializing timing engine
Parsing XDC File [C:/vivadou_CEP/phase_1/Project_1_CEP/Nexys4DDR_Master.xdc]
Finished Parsing XDC File [C:/vivadou_CEP/phase_1/Project_1_CEP/Nexys4DDR_Master.xdc]
INFO: [Project 1-236] Implementation specific constraints were found while reading constraint file [C:/vivadou_CEP/phase_1/Project_1_CEP/Nexys4DDR_Master.xdc]. These constraints will be ignored for synthesis but will be used in implementation. Impacted constraints are listed in the file [.Xil/top_board_VGA_interface_phase_1_propImpl.xdc].
Resolution: To avoid this warning, move constraints listed in [.Xil/top_board_VGA_interface_phase_1_propImpl.xdc] to another XDC file and exclude this new file from synthesis with the used_in_synthesis property (File Properties dialog in GUI) and re-run elaboration/synthesis.
Parsing XDC File [C:/vivadou_CEP/phase_1/Project_1_CEP/Constraints/Config_Voltage_Nexys_4_DDR.xdc]
Finished Parsing XDC File [C:/vivadou_CEP/phase_1/Project_1_CEP/Constraints/Config_Voltage_Nexys_4_DDR.xdc]
Parsing XDC File [C:/vivadou_CEP/phase_1/Project_1_CEP/Constraints/Timing_Constraints_Nexys_4_DDR.xdc]
Finished Parsing XDC File [C:/vivadou_CEP/phase_1/Project_1_CEP/Constraints/Timing_Constraints_Nexys_4_DDR.xdc]
Completed Processing XDC Constraints

Netlist sorting complete. Time (s): cpu = 00:00:00 ; elapsed = 00:00:00 . Memory (MB): peak = 1535.703 ; gain = 0.000
INFO: [Project 1-111] Unisim Transformation Summary:
No Unisim elements were transformed.

El sistema no puede encontrar la ruta especificada.
Constraint Validation Runtime : Time (s): cpu = 00:00:00 ; elapsed = 00:00:00.001 . Memory (MB): peak = 1535.703 ; gain = 0.000
INFO: [Designutils 20-5440] No compile time benefit to using incremental synthesis; A full resynthesis will be run
INFO: [Designutils 20-4379] Flow is switching to default flow due to incremental criteria not met. If you would like to alter this behaviour and have the flow terminate instead, please set the following parameter config_implementation {autoIncr.Synth.RejectBehavior Terminate}
---------------------------------------------------------------------------------
Finished Constraint Validation : Time (s): cpu = 00:00:09 ; elapsed = 00:00:09 . Memory (MB): peak = 1535.703 ; gain = 636.691
---------------------------------------------------------------------------------
---------------------------------------------------------------------------------
Start Loading Part and Timing Information
---------------------------------------------------------------------------------
Loading part: xc7a100tcsg324-1
---------------------------------------------------------------------------------
Finished Loading Part and Timing Information : Time (s): cpu = 00:00:09 ; elapsed = 00:00:09 . Memory (MB): peak = 1535.703 ; gain = 636.691
---------------------------------------------------------------------------------
---------------------------------------------------------------------------------
Start Applying 'set_property' XDC Constraints
---------------------------------------------------------------------------------
---------------------------------------------------------------------------------
Finished applying 'set_property' XDC Constraints : Time (s): cpu = 00:00:09 ; elapsed = 00:00:09 . Memory (MB): peak = 1535.703 ; gain = 636.691
---------------------------------------------------------------------------------
---------------------------------------------------------------------------------
Finished RTL Optimization Phase 2 : Time (s): cpu = 00:00:09 ; elapsed = 00:00:10 . Memory (MB): peak = 1535.703 ; gain = 636.691
---------------------------------------------------------------------------------
---------------------------------------------------------------------------------
Start RTL Component Statistics 
---------------------------------------------------------------------------------
Detailed RTL Component Info : 
+---Adders : 
	   2 Input   21 Bit       Adders := 1     
	   2 Input   10 Bit       Adders := 2     
	   2 Input    2 Bit       Adders := 1     
+---Registers : 
	               21 Bit    Registers := 1     
	               10 Bit    Registers := 2     
	                4 Bit    Registers := 3     
	                2 Bit    Registers := 1     
	                1 Bit    Registers := 6     
+---Muxes : 
	   2 Input   10 Bit        Muxes := 1     
	   2 Input    4 Bit        Muxes := 3     
	   2 Input    1 Bit        Muxes := 2     
---------------------------------------------------------------------------------
Finished RTL Component Statistics 
---------------------------------------------------------------------------------
---------------------------------------------------------------------------------
Start Part Resource Summary
---------------------------------------------------------------------------------
Part Resources:
DSPs: 240 (col length:80)
BRAMs: 270 (col length: RAMB18 80 RAMB36 40)
---------------------------------------------------------------------------------
Finished Part Resource Summary
---------------------------------------------------------------------------------
---------------------------------------------------------------------------------
Start Cross Boundary and Area Optimization
---------------------------------------------------------------------------------
WARNING: [Synth 8-7080] Parallel synthesis criteria is not met
---------------------------------------------------------------------------------
Finished Cross Boundary and Area Optimization : Time (s): cpu = 00:00:10 ; elapsed = 00:00:11 . Memory (MB): peak = 1535.703 ; gain = 636.691
---------------------------------------------------------------------------------
---------------------------------------------------------------------------------
Start Applying XDC Timing Constraints
---------------------------------------------------------------------------------
---------------------------------------------------------------------------------
Finished Applying XDC Timing Constraints : Time (s): cpu = 00:00:13 ; elapsed = 00:00:14 . Memory (MB): peak = 1535.703 ; gain = 636.691
---------------------------------------------------------------------------------
---------------------------------------------------------------------------------
Start Timing Optimization
---------------------------------------------------------------------------------
---------------------------------------------------------------------------------
Finished Timing Optimization : Time (s): cpu = 00:00:13 ; elapsed = 00:00:14 . Memory (MB): peak = 1535.703 ; gain = 636.691
---------------------------------------------------------------------------------
---------------------------------------------------------------------------------
Start Technology Mapping
---------------------------------------------------------------------------------
---------------------------------------------------------------------------------
Finished Technology Mapping : Time (s): cpu = 00:00:13 ; elapsed = 00:00:14 . Memory (MB): peak = 1535.703 ; gain = 636.691
---------------------------------------------------------------------------------
---------------------------------------------------------------------------------
Start IO Insertion
---------------------------------------------------------------------------------
---------------------------------------------------------------------------------
Start Flattening Before IO Insertion
---------------------------------------------------------------------------------
---------------------------------------------------------------------------------
Finished Flattening Before IO Insertion
---------------------------------------------------------------------------------
---------------------------------------------------------------------------------
Start Final Netlist Cleanup
---------------------------------------------------------------------------------
---------------------------------------------------------------------------------
Finished Final Netlist Cleanup
---------------------------------------------------------------------------------
---------------------------------------------------------------------------------
Finished IO Insertion : Time (s): cpu = 00:00:16 ; elapsed = 00:00:16 . Memory (MB): peak = 1535.703 ; gain = 636.691
---------------------------------------------------------------------------------
---------------------------------------------------------------------------------
Start Renaming Generated Instances
---------------------------------------------------------------------------------
---------------------------------------------------------------------------------
Finished Renaming Generated Instances : Time (s): cpu = 00:00:16 ; elapsed = 00:00:16 . Memory (MB): peak = 1535.703 ; gain = 636.691
---------------------------------------------------------------------------------
---------------------------------------------------------------------------------
Start Rebuilding User Hierarchy
---------------------------------------------------------------------------------
---------------------------------------------------------------------------------
Finished Rebuilding User Hierarchy : Time (s): cpu = 00:00:16 ; elapsed = 00:00:16 . Memory (MB): peak = 1535.703 ; gain = 636.691
---------------------------------------------------------------------------------
---------------------------------------------------------------------------------
Start Renaming Generated Ports
---------------------------------------------------------------------------------
---------------------------------------------------------------------------------
Finished Renaming Generated Ports : Time (s): cpu = 00:00:16 ; elapsed = 00:00:16 . Memory (MB): peak = 1535.703 ; gain = 636.691
---------------------------------------------------------------------------------
---------------------------------------------------------------------------------
Start Handling Custom Attributes
---------------------------------------------------------------------------------
---------------------------------------------------------------------------------
Finished Handling Custom Attributes : Time (s): cpu = 00:00:16 ; elapsed = 00:00:16 . Memory (MB): peak = 1535.703 ; gain = 636.691
---------------------------------------------------------------------------------
---------------------------------------------------------------------------------
Start Renaming Generated Nets
---------------------------------------------------------------------------------
---------------------------------------------------------------------------------
Finished Renaming Generated Nets : Time (s): cpu = 00:00:16 ; elapsed = 00:00:16 . Memory (MB): peak = 1535.703 ; gain = 636.691
---------------------------------------------------------------------------------
---------------------------------------------------------------------------------
Start Writing Synthesis Report
---------------------------------------------------------------------------------

Report BlackBoxes: 
+-+--------------+----------+
| |BlackBox name |Instances |
+-+--------------+----------+
+-+--------------+----------+

Report Cell Usage: 
+------+-------+------+
|      |Cell   |Count |
+------+-------+------+
|1     |BUFG   |     1|
|2     |CARRY4 |     5|
|3     |LUT1   |     4|
|4     |LUT2   |     9|
|5     |LUT3   |    16|
|6     |LUT4   |     8|
|7     |LUT5   |     7|
|8     |LUT6   |    23|
|9     |FDRE   |    59|
|10    |FDSE   |     2|
|11    |IBUF   |    16|
|12    |OBUF   |    27|
+------+-------+------+
---------------------------------------------------------------------------------
Finished Writing Synthesis Report : Time (s): cpu = 00:00:16 ; elapsed = 00:00:16 . Memory (MB): peak = 1535.703 ; gain = 636.691
---------------------------------------------------------------------------------
Synthesis finished with 0 errors, 0 critical warnings and 1 warnings.
Synthesis Optimization Runtime : Time (s): cpu = 00:00:11 ; elapsed = 00:00:15 . Memory (MB): peak = 1535.703 ; gain = 548.574
Synthesis Optimization Complete : Time (s): cpu = 00:00:16 ; elapsed = 00:00:17 . Memory (MB): peak = 1535.703 ; gain = 636.691
INFO: [Project 1-571] Translating synthesized netlist
Netlist sorting complete. Time (s): cpu = 00:00:00 ; elapsed = 00:00:00.001 . Memory (MB): peak = 1535.703 ; gain = 0.000
INFO: [Netlist 29-17] Analyzing 5 Unisim elements for replacement
INFO: [Netlist 29-28] Unisim Transformation completed in 0 CPU seconds
INFO: [Project 1-570] Preparing netlist for logic optimization
INFO: [Opt 31-138] Pushed 0 inverter(s) to 0 load pin(s).
Netlist sorting complete. Time (s): cpu = 00:00:00 ; elapsed = 00:00:00 . Memory (MB): peak = 1535.703 ; gain = 0.000
INFO: [Project 1-111] Unisim Transformation Summary:
No Unisim elements were transformed.

El sistema no puede encontrar la ruta especificada.
Synth Design complete | Checksum: b4a64b78
INFO: [Common 17-83] Releasing license: Synthesis
59 Infos, 5 Warnings, 0 Critical Warnings and 0 Errors encountered.
synth_design completed successfully
synth_design: Time (s): cpu = 00:00:19 ; elapsed = 00:00:20 . Memory (MB): peak = 1535.703 ; gain = 1046.164
Write ShapeDB Complete: Time (s): cpu = 00:00:00 ; elapsed = 00:00:00 . Memory (MB): peak = 1535.703 ; gain = 0.000
INFO: [Common 17-1381] The checkpoint 'C:/vivadou_CEP/phase_1/Project_1_CEP/Project_1_CEP.runs/synth_1/top_board_VGA_interface_phase_1.dcp' has been generated.
INFO: [runtcl-4] Executing : report_utilization -file top_board_VGA_interface_phase_1_utilization_synth.rpt -pb top_board_VGA_interface_phase_1_utilization_synth.pb
INFO: [Common 17-206] Exiting Vivado at Mon Sep 21 10:27:04 2026...
